// Jest Snapshot v1, https://goo.gl/fbAQLP

exports[` 1`] = `
<div
  className="board around"
>
  <div
    className="col-12 col-m-4 col-l-7"
  >
    <div
      className="content-container"
    >
      <div
        className="m-auto"
      >
        <h3>
          Let's make some Math!
        </h3>
        <p>
          The App work as a normal and functional calculator, just insert the numbers and calculate the results.
        </p>
      </div>
    </div>
  </div>
  <div
    className="col-12 col-m-8 col-l-3"
  >
    <div
      className="calculator-display"
    >
      <div>
        0
      </div>
      <div>
        
      </div>
      <div>
        
      </div>
    </div>
    <div
      className="stack no-padding"
    >
      <div
        className="board"
      >
        <button
          className="calculator-button col-3"
          id="btn-Ac"
          onClick={[Function]}
          tabIndex="Ac"
          type="button"
        >
          Ac
        </button>
        <button
          className="calculator-button col-3"
          id="btn-+/-"
          onClick={[Function]}
          tabIndex="+/-"
          type="button"
        >
          +/-
        </button>
        <button
          className="calculator-button col-3"
          id="btn-%"
          onClick={[Function]}
          tabIndex="%"
          type="button"
        >
          %
        </button>
        <button
          className="calculator-button calculator-operation-button col-3"
          id="btn-/"
          onClick={[Function]}
          tabIndex="/"
          type="button"
        >
          /
        </button>
      </div>
      <div
        className="board"
      >
        <button
          className="calculator-button col-3"
          id="btn-7"
          onClick={[Function]}
          tabIndex="7"
          type="button"
        >
          7
        </button>
        <button
          className="calculator-button col-3"
          id="btn-8"
          onClick={[Function]}
          tabIndex="8"
          type="button"
        >
          8
        </button>
        <button
          className="calculator-button col-3"
          id="btn-9"
          onClick={[Function]}
          tabIndex="9"
          type="button"
        >
          9
        </button>
        <button
          className="calculator-button calculator-operation-button col-3"
          id="btn-X"
          onClick={[Function]}
          tabIndex="X"
          type="button"
        >
          X
        </button>
      </div>
      <div
        className="board"
      >
        <button
          className="calculator-button col-3"
          id="btn-4"
          onClick={[Function]}
          tabIndex="4"
          type="button"
        >
          4
        </button>
        <button
          className="calculator-button col-3"
          id="btn-5"
          onClick={[Function]}
          tabIndex="5"
          type="button"
        >
          5
        </button>
        <button
          className="calculator-button col-3"
          id="btn-6"
          onClick={[Function]}
          tabIndex="6"
          type="button"
        >
          6
        </button>
        <button
          className="calculator-button calculator-operation-button col-3"
          id="btn--"
          onClick={[Function]}
          tabIndex="-"
          type="button"
        >
          -
        </button>
      </div>
      <div
        className="board"
      >
        <button
          className="calculator-button col-3"
          id="btn-1"
          onClick={[Function]}
          tabIndex="1"
          type="button"
        >
          1
        </button>
        <button
          className="calculator-button col-3"
          id="btn-2"
          onClick={[Function]}
          tabIndex="2"
          type="button"
        >
          2
        </button>
        <button
          className="calculator-button col-3"
          id="btn-3"
          onClick={[Function]}
          tabIndex="3"
          type="button"
        >
          3
        </button>
        <button
          className="calculator-button calculator-operation-button col-3"
          id="btn-+"
          onClick={[Function]}
          tabIndex="+"
          type="button"
        >
          +
        </button>
      </div>
      <div
        className="board"
      >
        <button
          className="calculator-button col-6"
          id="btn-0"
          onClick={[Function]}
          tabIndex="0"
          type="button"
        >
          0
        </button>
        <button
          className="calculator-button col-3"
          id="btn-."
          onClick={[Function]}
          tabIndex="."
          type="button"
        >
          .
        </button>
        <button
          className="calculator-button calculator-operation-button col-3"
          id="btn-="
          onClick={[Function]}
          tabIndex="="
          type="button"
        >
          =
        </button>
      </div>
    </div>
  </div>
</div>
`;
