// Jest Snapshot v1, https://goo.gl/fbAQLP

exports[`when rendering should render correctly 1`] = `
<div
  className="quotes-container"
>
  <div
    className="quote"
  >
    ""
  </div>
  <div
    className="author"
  >
    
  </div>
</div>
`;
